ERC report (2026-05-16T09:07:44+0200, Encoding UTF8)
Report includes: Errors, Warnings, Exclusions

***** Sheet /
[footprint_link_issues]: The current configuration does not include the footprint library 'LM1117MPX-3.3'.
    ; warning
    @(3450 mils, 4250 mils): Symbol VR1 [LM1117MPX-3.3]
[lib_symbol_mismatch]: Symbol 'LM1117MPX-3.3' doesn't match copy in library 'LM1117MPX-3.3'
    ; warning
    @(3450 mils, 4250 mils): Symbol VR1 [LM1117MPX-3.3]
[footprint_link_issues]: Footprint 'SiliconLabs_QFN-20-1EP_3x3mm_P0.5mm' not found in library 'Package_DFN_QFN'.
    ; warning
    @(3500 mils, 3400 mils): Symbol U4 [CP2102N-Axx-xQFN20]
[footprint_link_issues]: The current configuration does not include the footprint library 'W25Q32JVSSIQ'.
    ; warning
    @(3100 mils, 6200 mils): Symbol U6 [W25Q32JVSSIQ]
[footprint_link_issues]: The current configuration does not include the footprint library 'ESP32-C3-WROOM-02-H4'.
    ; warning
    @(8700 mils, 2750 mils): Symbol U3 [ESP32-C3-WROOM-02-H4]
[footprint_link_issues]: The current configuration does not include the footprint library 'BME280'.
    ; warning
    @(3300 mils, 2400 mils): Symbol U7 [BME280]
[lib_symbol_mismatch]: Symbol 'BME280' doesn't match copy in library 'BME280'
    ; warning
    @(3300 mils, 2400 mils): Symbol U7 [BME280]
[footprint_link_issues]: The current configuration does not include the footprint library 'MAX4466EXK'.
    ; warning
    @(9000 mils, 4900 mils): Symbol U2 [MAX4466EXK]
[footprint_link_issues]: The current configuration does not include the footprint library 'USLPT2819DT2TR'.
    ; warning
    @(5800 mils, 2950 mils): Symbol S1 [USLPT2819DT2TR]
[footprint_link_issues]: The current configuration does not include the footprint library 'USLPT2819DT2TR'.
    ; warning
    @(7800 mils, 2900 mils): Symbol S2 [USLPT2819DT2TR]

***** Sheet /ESP-32-C3-02/
[pin_to_pin]: Pins of type Bidirectional and Power output are connected
    ; warning
    @(2400 mils, 6200 mils): Symbol U6 Pin 7 [~{HOLD}/~{RESET}(IO3), Bidirectional, Line]
    @(4850 mils, 4000 mils): Symbol #FLG02 Pin 1 [Power output, Line]
[pin_to_pin]: Pins of type Bidirectional and Power output are connected
    ; warning
    @(2400 mils, 6500 mils): Symbol U6 Pin 3 [~{WP}(IO2), Bidirectional, Line]
    @(4850 mils, 4000 mils): Symbol #FLG02 Pin 1 [Power output, Line]
[pin_to_pin]: Pins of type Bidirectional and Power output are connected
    ; warning
    @(9000 mils, 5200 mils): Symbol J3 Pin 8 [DAT1, Bidirectional, Line]
    @(8850 mils, 950 mils): Symbol #FLG01 Pin 1 [Power output, Line]
[pin_to_pin]: Pins of type Bidirectional and Power output are connected
    ; warning
    @(9000 mils, 5300 mils): Symbol J3 Pin 9 [DAT2, Bidirectional, Line]
    @(8850 mils, 950 mils): Symbol #FLG01 Pin 1 [Power output, Line]

***** Sheet /ESP-32-C3-02/sensors/
[pin_to_pin]: Pins of type Bidirectional and Power output are connected
    ; warning
    @(2700 mils, 2600 mils): Symbol U7 Pin 5 [SDO, Bidirectional, Line]
    @(8850 mils, 950 mils): Symbol #FLG01 Pin 1 [Power output, Line]

***** Sheet /ESP-32-C3-02/Unser Interface/

 ** ERC messages: 15  Errors 0  Warnings 15
